------------------------------------------------------------
Timing Analyzer Summary
------------------------------------------------------------

Type  : Slow 1200mV 85C Model Setup 'clk_div[10]'
Slack : -2.688
TNS   : -80.957

Type  : Slow 1200mV 85C Model Setup 'clk_50M'
Slack : -2.462
TNS   : -33.886

Type  : Slow 1200mV 85C Model Hold 'clk_div[10]'
Slack : 0.359
TNS   : 0.000

Type  : Slow 1200mV 85C Model Hold 'clk_50M'
Slack : 0.461
TNS   : 0.000

Type  : Slow 1200mV 85C Model Minimum Pulse Width 'clk_50M'
Slack : -3.000
TNS   : -17.000

Type  : Slow 1200mV 85C Model Minimum Pulse Width 'clk_div[10]'
Slack : -1.000
TNS   : -48.000

Type  : Slow 1200mV 0C Model Setup 'clk_div[10]'
Slack : -2.239
TNS   : -67.042

Type  : Slow 1200mV 0C Model Setup 'clk_50M'
Slack : -2.141
TNS   : -29.520

Type  : Slow 1200mV 0C Model Hold 'clk_div[10]'
Slack : 0.311
TNS   : 0.000

Type  : Slow 1200mV 0C Model Hold 'clk_50M'
Slack : 0.440
TNS   : 0.000

Type  : Slow 1200mV 0C Model Minimum Pulse Width 'clk_50M'
Slack : -3.000
TNS   : -17.000

Type  : Slow 1200mV 0C Model Minimum Pulse Width 'clk_div[10]'
Slack : -1.000
TNS   : -48.000

Type  : Fast 1200mV 0C Model Setup 'clk_div[10]'
Slack : -1.107
TNS   : -26.578

Type  : Fast 1200mV 0C Model Setup 'clk_50M'
Slack : -0.920
TNS   : -12.148

Type  : Fast 1200mV 0C Model Hold 'clk_50M'
Slack : 0.161
TNS   : 0.000

Type  : Fast 1200mV 0C Model Hold 'clk_div[10]'
Slack : 0.188
TNS   : 0.000

Type  : Fast 1200mV 0C Model Minimum Pulse Width 'clk_50M'
Slack : -3.000
TNS   : -17.122

Type  : Fast 1200mV 0C Model Minimum Pulse Width 'clk_div[10]'
Slack : -1.000
TNS   : -48.000

------------------------------------------------------------
